Archive member included to satisfy reference by file (symbol)

c:/st/stm32cubeide_1.7.0/stm32cubeide/plugins/com.st.stm32cube.ide.mcu.externaltools.gnu-tools-for-stm32.9-2020-q2-update.win32_2.0.0.202105311346/tools/bin/../lib/gcc/arm-none-eabi/9.3.1/../../../../arm-none-eabi/lib/thumb/v7-m/nofp\libc_nano.a(lib_a-errno.o)
                              ./Core/Src/syscalls.o (__errno)
c:/st/stm32cubeide_1.7.0/stm32cubeide/plugins/com.st.stm32cube.ide.mcu.externaltools.gnu-tools-for-stm32.9-2020-q2-update.win32_2.0.0.202105311346/tools/bin/../lib/gcc/arm-none-eabi/9.3.1/../../../../arm-none-eabi/lib/thumb/v7-m/nofp\libc_nano.a(lib_a-exit.o)
                              c:/st/stm32cubeide_1.7.0/stm32cubeide/plugins/com.st.stm32cube.ide.mcu.externaltools.gnu-tools-for-stm32.9-2020-q2-update.win32_2.0.0.202105311346/tools/bin/../lib/gcc/arm-none-eabi/9.3.1/../../../../arm-none-eabi/lib/thumb/v7-m/nofp/crt0.o (exit)
c:/st/stm32cubeide_1.7.0/stm32cubeide/plugins/com.st.stm32cube.ide.mcu.externaltools.gnu-tools-for-stm32.9-2020-q2-update.win32_2.0.0.202105311346/tools/bin/../lib/gcc/arm-none-eabi/9.3.1/../../../../arm-none-eabi/lib/thumb/v7-m/nofp\libc_nano.a(lib_a-impure.o)
                              c:/st/stm32cubeide_1.7.0/stm32cubeide/plugins/com.st.stm32cube.ide.mcu.externaltools.gnu-tools-for-stm32.9-2020-q2-update.win32_2.0.0.202105311346/tools/bin/../lib/gcc/arm-none-eabi/9.3.1/../../../../arm-none-eabi/lib/thumb/v7-m/nofp\libc_nano.a(lib_a-exit.o) (_global_impure_ptr)
c:/st/stm32cubeide_1.7.0/stm32cubeide/plugins/com.st.stm32cube.ide.mcu.externaltools.gnu-tools-for-stm32.9-2020-q2-update.win32_2.0.0.202105311346/tools/bin/../lib/gcc/arm-none-eabi/9.3.1/../../../../arm-none-eabi/lib/thumb/v7-m/nofp\libc_nano.a(lib_a-init.o)
                              c:/st/stm32cubeide_1.7.0/stm32cubeide/plugins/com.st.stm32cube.ide.mcu.externaltools.gnu-tools-for-stm32.9-2020-q2-update.win32_2.0.0.202105311346/tools/bin/../lib/gcc/arm-none-eabi/9.3.1/../../../../arm-none-eabi/lib/thumb/v7-m/nofp/crt0.o (__libc_init_array)
c:/st/stm32cubeide_1.7.0/stm32cubeide/plugins/com.st.stm32cube.ide.mcu.externaltools.gnu-tools-for-stm32.9-2020-q2-update.win32_2.0.0.202105311346/tools/bin/../lib/gcc/arm-none-eabi/9.3.1/../../../../arm-none-eabi/lib/thumb/v7-m/nofp\libc_nano.a(lib_a-memcpy-stub.o)
                              ./Core/Src/button_n_display.o (memcpy)
c:/st/stm32cubeide_1.7.0/stm32cubeide/plugins/com.st.stm32cube.ide.mcu.externaltools.gnu-tools-for-stm32.9-2020-q2-update.win32_2.0.0.202105311346/tools/bin/../lib/gcc/arm-none-eabi/9.3.1/../../../../arm-none-eabi/lib/thumb/v7-m/nofp\libc_nano.a(lib_a-memset.o)
                              c:/st/stm32cubeide_1.7.0/stm32cubeide/plugins/com.st.stm32cube.ide.mcu.externaltools.gnu-tools-for-stm32.9-2020-q2-update.win32_2.0.0.202105311346/tools/bin/../lib/gcc/arm-none-eabi/9.3.1/../../../../arm-none-eabi/lib/thumb/v7-m/nofp/crt0.o (memset)

Allocating common symbols
Common symbol       size              file

uwTick              0x4               ./Drivers/STM32F1xx_HAL_Driver/Src/stm32f1xx_hal.o
pFlash              0x20              ./Drivers/STM32F1xx_HAL_Driver/Src/stm32f1xx_hal_flash.o
current_timer       0x4               ./Core/Src/fsm.o
htim2               0x48              ./Core/Src/main.o

Discarded input sections

 .text          0x0000000000000000        0x0 c:/st/stm32cubeide_1.7.0/stm32cubeide/plugins/com.st.stm32cube.ide.mcu.externaltools.gnu-tools-for-stm32.9-2020-q2-update.win32_2.0.0.202105311346/tools/bin/../lib/gcc/arm-none-eabi/9.3.1/thumb/v7-m/nofp/crti.o
 .data          0x0000000000000000        0x0 c:/st/stm32cubeide_1.7.0/stm32cubeide/plugins/com.st.stm32cube.ide.mcu.externaltools.gnu-tools-for-stm32.9-2020-q2-update.win32_2.0.0.202105311346/tools/bin/../lib/gcc/arm-none-eabi/9.3.1/thumb/v7-m/nofp/crti.o
 .bss           0x0000000000000000        0x0 c:/st/stm32cubeide_1.7.0/stm32cubeide/plugins/com.st.stm32cube.ide.mcu.externaltools.gnu-tools-for-stm32.9-2020-q2-update.win32_2.0.0.202105311346/tools/bin/../lib/gcc/arm-none-eabi/9.3.1/thumb/v7-m/nofp/crti.o
 .data          0x0000000000000000        0x4 c:/st/stm32cubeide_1.7.0/stm32cubeide/plugins/com.st.stm32cube.ide.mcu.externaltools.gnu-tools-for-stm32.9-2020-q2-update.win32_2.0.0.202105311346/tools/bin/../lib/gcc/arm-none-eabi/9.3.1/thumb/v7-m/nofp/crtbegin.o
 .text          0x0000000000000000       0x7c c:/st/stm32cubeide_1.7.0/stm32cubeide/plugins/com.st.stm32cube.ide.mcu.externaltools.gnu-tools-for-stm32.9-2020-q2-update.win32_2.0.0.202105311346/tools/bin/../lib/gcc/arm-none-eabi/9.3.1/../../../../arm-none-eabi/lib/thumb/v7-m/nofp/crt0.o
 .data          0x0000000000000000        0x0 c:/st/stm32cubeide_1.7.0/stm32cubeide/plugins/com.st.stm32cube.ide.mcu.externaltools.gnu-tools-for-stm32.9-2020-q2-update.win32_2.0.0.202105311346/tools/bin/../lib/gcc/arm-none-eabi/9.3.1/../../../../arm-none-eabi/lib/thumb/v7-m/nofp/crt0.o
[...]
Memory Configuration

Name             Origin             Length             Attributes
RAM              0x0000000020000000 0x0000000000002800 xrw
FLASH            0x0000000008000000 0x0000000000008000 xr
*default*        0x0000000000000000 0xffffffffffffffff

Linker script and memory map

LOAD c:/st/stm32cubeide_1.7.0/stm32cubeide/plugins/com.st.stm32cube.ide.mcu.externaltools.gnu-tools-for-stm32.9-2020-q2-update.win32_2.0.0.202105311346/tools/bin/../lib/gcc/arm-none-eabi/9.3.1/thumb/v7-m/nofp/crti.o
LOAD c:/st/stm32cubeide_1.7.0/stm32cubeide/plugins/com.st.stm32cube.ide.mcu.externaltools.gnu-tools-for-stm32.9-2020-q2-update.win32_2.0.0.202105311346/tools/bin/../lib/gcc/arm-none-eabi/9.3.1/thumb/v7-m/nofp/crtbegin.o
LOAD c:/st/stm32cubeide_1.7.0/stm32cubeide/plugins/com.st.stm32cube.ide.mcu.externaltools.gnu-tools-for-stm32.9-2020-q2-update.win32_2.0.0.202105311346/tools/bin/../lib/gcc/arm-none-eabi/9.3.1/../../../../arm-none-eabi/lib/thumb/v7-m/nofp/crt0.o
LOAD ./Core/Src/button_n_display.o
LOAD ./Core/Src/fsm.o
LOAD ./Core/Src/main.o
LOAD ./Core/Src/stm32f1xx_hal_msp.o
LOAD ./Core/Src/stm32f1xx_it.o
LOAD ./Core/Src/syscalls.o
LOAD ./Core/Src/sysmem.o
LOAD ./Core/Src/system_stm32f1xx.o
LOAD ./Core/Src/timer.o
LOAD ./Core/Startup/startup_stm32f103c6ux.o
LOAD ./Drivers/STM32F1xx_HAL_Driver/Src/stm32f1xx_hal.o
LOAD ./Drivers/STM32F1xx_HAL_Driver/Src/stm32f1xx_hal_cortex.o
LOAD ./Drivers/STM32F1xx_HAL_Driver/Src/stm32f1xx_hal_dma.o
LOAD ./Drivers/STM32F1xx_HAL_Driver/Src/stm32f1xx_hal_exti.o
LOAD ./Drivers/STM32F1xx_HAL_Driver/Src/stm32f1xx_hal_flash.o
LOAD ./Drivers/STM32F1xx_HAL_Driver/Src/stm32f1xx_hal_flash_ex.o
LOAD ./Drivers/STM32F1xx_HAL_Driver/Src/stm32f1xx_hal_gpio.o
LOAD ./Drivers/STM32F1xx_HAL_Driver/Src/stm32f1xx_hal_gpio_ex.o
LOAD ./Drivers/STM32F1xx_HAL_Driver/Src/stm32f1xx_hal_pwr.o
LOAD ./Drivers/STM32F1xx_HAL_Driver/Src/stm32f1xx_hal_rcc.o
LOAD ./Drivers/STM32F1xx_HAL_Driver/Src/stm32f1xx_hal_rcc_ex.o
LOAD ./Drivers/STM32F1xx_HAL_Driver/Src/stm32f1xx_hal_tim.o
LOAD ./Drivers/STM32F1xx_HAL_Driver/Src/stm32f1xx_hal_tim_ex.o
START GROUP
LOAD c:/st/stm32cubeide_1.7.0/stm32cubeide/plugins/com.st.stm32cube.ide.mcu.externaltools.gnu-tools-for-stm32.9-2020-q2-update.win32_2.0.0.202105311346/tools/bin/../lib/gcc/arm-none-eabi/9.3.1/../../../../arm-none-eabi/lib/thumb/v7-m/nofp\libc_nano.a
LOAD c:/st/stm32cubeide_1.7.0/stm32cubeide/plugins/com.st.stm32cube.ide.mcu.externaltools.gnu-tools-for-stm32.9-2020-q2-update.win32_2.0.0.202105311346/tools/bin/../lib/gcc/arm-none-eabi/9.3.1/../../../../arm-none-eabi/lib/thumb/v7-m/nofp\libm.a
END GROUP
START GROUP
LOAD c:/st/stm32cubeide_1.7.0/stm32cubeide/plugins/com.st.stm32cube.ide.mcu.externaltools.gnu-tools-for-stm32.9-2020-q2-update.win32_2.0.0.202105311346/tools/bin/../lib/gcc/arm-none-eabi/9.3.1/thumb/v7-m/nofp\libgcc.a
LOAD c:/st/stm32cubeide_1.7.0/stm32cubeide/plugins/com.st.stm32cube.ide.mcu.externaltools.gnu-tools-for-stm32.9-2020-q2-update.win32_2.0.0.202105311346/tools/bin/../lib/gcc/arm-none-eabi/9.3.1/../../../../arm-none-eabi/lib/thumb/v7-m/nofp\libc_nano.a
END GROUP
START GROUP
LOAD c:/st/stm32cubeide_1.7.0/stm32cubeide/plugins/com.st.stm32cube.ide.mcu.externaltools.gnu-tools-for-stm32.9-2020-q2-update.win32_2.0.0.202105311346/tools/bin/../lib/gcc/arm-none-eabi/9.3.1/thumb/v7-m/nofp\libgcc.a
LOAD c:/st/stm32cubeide_1.7.0/stm32cubeide/plugins/com.st.stm32cube.ide.mcu.externaltools.gnu-tools-for-stm32.9-2020-q2-update.win32_2.0.0.202105311346/tools/bin/../lib/gcc/arm-none-eabi/9.3.1/../../../../arm-none-eabi/lib/thumb/v7-m/nofp\libc_nano.a
LOAD c:/st/stm32cubeide_1.7.0/stm32cubeide/plugins/com.st.stm32cube.ide.mcu.externaltools.gnu-tools-for-stm32.9-2020-q2-update.win32_2.0.0.202105311346/tools/bin/../lib/gcc/arm-none-eabi/9.3.1/../../../../arm-none-eabi/lib/thumb/v7-m/nofp\libnosys.a
END GROUP
START GROUP
LOAD c:/st/stm32cubeide_1.7.0/stm32cubeide/plugins/com.st.stm32cube.ide.mcu.externaltools.gnu-tools-for-stm32.9-2020-q2-update.win32_2.0.0.202105311346/tools/bin/../lib/gcc/arm-none-eabi/9.3.1/thumb/v7-m/nofp\libgcc.a
LOAD c:/st/stm32cubeide_1.7.0/stm32cubeide/plugins/com.st.stm32cube.ide.mcu.externaltools.gnu-tools-for-stm32.9-2020-q2-update.win32_2.0.0.202105311346/tools/bin/../lib/gcc/arm-none-eabi/9.3.1/../../../../arm-none-eabi/lib/thumb/v7-m/nofp\libc_nano.a
LOAD c:/st/stm32cubeide_1.7.0/stm32cubeide/plugins/com.st.stm32cube.ide.mcu.externaltools.gnu-tools-for-stm32.9-2020-q2-update.win32_2.0.0.202105311346/tools/bin/../lib/gcc/arm-none-eabi/9.3.1/../../../../arm-none-eabi/lib/thumb/v7-m/nofp\libnosys.a
END GROUP
LOAD c:/st/stm32cubeide_1.7.0/stm32cubeide/plugins/com.st.stm32cube.ide.mcu.externaltools.gnu-tools-for-stm32.9-2020-q2-update.win32_2.0.0.202105311346/tools/bin/../lib/gcc/arm-none-eabi/9.3.1/thumb/v7-m/nofp/crtend.o
LOAD c:/st/stm32cubeide_1.7.0/stm32cubeide/plugins/com.st.stm32cube.ide.mcu.externaltools.gnu-tools-for-stm32.9-2020-q2-update.win32_2.0.0.202105311346/tools/bin/../lib/gcc/arm-none-eabi/9.3.1/thumb/v7-m/nofp/crtn.o
                0x0000000020002800                _estack = (ORIGIN (RAM) + LENGTH (RAM))
                0x0000000000000200                _Min_Heap_Size = 0x200
                0x0000000000000400                _Min_Stack_Size = 0x400

.isr_vector     0x0000000008000000      0x10c
                0x0000000008000000                . = ALIGN (0x4)
 *(.isr_vector)
 .isr_vector    0x0000000008000000      0x10c ./Core/Startup/startup_stm32f103c6ux.o
                0x0000000008000000                g_pfnVectors
                0x000000000800010c                . = ALIGN (0x4)

.text           0x000000000800010c     0x2758
                0x000000000800010c                . = ALIGN (0x4)
 *(.text)
 .text          0x000000000800010c       0x40 c:/st/stm32cubeide_1.7.0/stm32cubeide/plugins/com.st.stm32cube.ide.mcu.externaltools.gnu-tools-for-stm32.9-2020-q2-update.win32_2.0.0.202105311346/tools/bin/../lib/gcc/arm-none-eabi/9.3.1/thumb/v7-m/nofp/crtbegin.o
 *(.text*)
 .text.set_road1_leds
                0x000000000800014c       0x60 ./Core/Src/button_n_display.o
                0x000000000800014c                set_road1_leds
 .text.set_road2_leds
                0x00000000080001ac       0x60 ./Core/Src/button_n_display.o
                0x00000000080001ac                set_road2_leds
 .text.display7SEG
                0x000000000800020c      0x144 ./Core/Src/button_n_display.o
                0x000000000800020c                display7SEG
 .text.update_buffer
                0x0000000008000350       0x78 ./Core/Src/button_n_display.o
                0x0000000008000350                update_buffer
 .text.update7SEG
                0x00000000080003c8       0xc0 ./Core/Src/button_n_display.o
                0x00000000080003c8                update7SEG
 .text.button_init
                0x0000000008000488       0x5c ./Core/Src/button_n_display.o
                0x0000000008000488                button_init
 .text.button_reading
                0x00000000080004e4       0xd0 ./Core/Src/button_n_display.o
                0x00000000080004e4                button_reading
 .text.is_button_pressed_1s
                0x00000000080005b4       0x34 ./Core/Src/button_n_display.o
                0x00000000080005b4                is_button_pressed_1s
 .text.is_button_pressed_edge
                0x00000000080005e8       0x5c ./Core/Src/button_n_display.o
                0x00000000080005e8                is_button_pressed_edge
 .text.run_normal_mode
                0x0000000008000644      0x218 ./Core/Src/fsm.o
 .text.run_modify_red_mode
                0x000000000800085c       0xc8 ./Core/Src/fsm.o
 .text.run_modify_yellow_mode
                0x0000000008000924       0xc8 ./Core/Src/fsm.o
 .text.run_modify_green_mode
                0x00000000080009ec       0xc8 ./Core/Src/fsm.o
 .text.fsm_init
                0x0000000008000ab4       0x20 ./Core/Src/fsm.o
                0x0000000008000ab4                fsm_init
 .text.fsm_run  0x0000000008000ad4      0x118 ./Core/Src/fsm.o
                0x0000000008000ad4                fsm_run
 .text.main     0x0000000008000bec       0x90 ./Core/Src/main.o
                0x0000000008000bec                main
 .text.SystemClock_Config
                0x0000000008000c7c       0x76 ./Core/Src/main.o
                0x0000000008000c7c                SystemClock_Config
 *fill*         0x0000000008000cf2        0x2 
 .text.MX_TIM2_Init
                0x0000000008000cf4       0x98 ./Core/Src/main.o
 .text.MX_GPIO_Init
                0x0000000008000d8c       0xc0 ./Core/Src/main.o
 .text.HAL_TIM_PeriodElapsedCallback
                0x0000000008000e4c       0x26 ./Core/Src/main.o
                0x0000000008000e4c                HAL_TIM_PeriodElapsedCallback
 .text.Error_Handler
                0x0000000008000e72        0xa ./Core/Src/main.o
                0x0000000008000e72                Error_Handler
 .text.HAL_MspInit
                0x0000000008000e7c       0x64 ./Core/Src/stm32f1xx_hal_msp.o
                0x0000000008000e7c                HAL_MspInit
 .text.HAL_TIM_Base_MspInit
                0x0000000008000ee0       0x48 ./Core/Src/stm32f1xx_hal_msp.o
                0x0000000008000ee0                HAL_TIM_Base_MspInit
 .text.NMI_Handler
                0x0000000008000f28        0x6 ./Core/Src/stm32f1xx_it.o
                0x0000000008000f28                NMI_Handler
 .text.HardFault_Handler
                0x0000000008000f2e        0x6 ./Core/Src/stm32f1xx_it.o
                0x0000000008000f2e                HardFault_Handler
 .text.MemManage_Handler
                0x0000000008000f34        0x6 ./Core/Src/stm32f1xx_it.o
                0x0000000008000f34                MemManage_Handler
 .text.BusFault_Handler
                0x0000000008000f3a        0x6 ./Core/Src/stm32f1xx_it.o
                0x0000000008000f3a                BusFault_Handler
 .text.UsageFault_Handler
                0x0000000008000f40        0x6 ./Core/Src/stm32f1xx_it.o
                0x0000000008000f40                UsageFault_Handler
 .text.SVC_Handler
                0x0000000008000f46        0xc ./Core/Src/stm32f1xx_it.o
                0x0000000008000f46                SVC_Handler
 .text.DebugMon_Handler
                0x0000000008000f52        0xc ./Core/Src/stm32f1xx_it.o
                0x0000000008000f52                DebugMon_Handler
 .text.PendSV_Handler
                0x0000000008000f5e        0xc ./Core/Src/stm32f1xx_it.o
                0x0000000008000f5e                PendSV_Handler
 .text.SysTick_Handler
                0x0000000008000f6a        0xc ./Core/Src/stm32f1xx_it.o
                0x0000000008000f6a                SysTick_Handler
 *fill*         0x0000000008000f76        0x2 
 .text.TIM2_IRQHandler
                0x0000000008000f78       0x14 ./Core/Src/stm32f1xx_it.o
                0x0000000008000f78                TIM2_IRQHandler
 .text.SystemInit
                0x0000000008000f8c        0xc ./Core/Src/system_stm32f1xx.o
                0x0000000008000f8c                SystemInit
 .text.set_Timer1
                0x0000000008000f98       0x44 ./Core/Src/timer.o
                0x0000000008000f98                set_Timer1
 .text.set_Timer2
                0x0000000008000fdc       0x44 ./Core/Src/timer.o
                0x0000000008000fdc                set_Timer2
 .text.set_Traffic_Timer
                0x0000000008001020       0x44 ./Core/Src/timer.o
                0x0000000008001020                set_Traffic_Timer
 .text.set_Modify_Timer
                0x0000000008001064       0x44 ./Core/Src/timer.o
                0x0000000008001064                set_Modify_Timer
 .text.timer_run
                0x00000000080010a8      0x110 ./Core/Src/timer.o
                0x00000000080010a8                timer_run
 .text.Reset_Handler
                0x00000000080011b8       0x48 ./Core/Startup/startup_stm32f103c6ux.o
                0x00000000080011b8                Reset_Handler
 .text.Default_Handler
                0x0000000008001200        0x2 ./Core/Startup/startup_stm32f103c6ux.o
                0x0000000008001200                RTC_Alarm_IRQHandler
                0x0000000008001200                EXTI2_IRQHandler
                0x0000000008001200                TIM1_CC_IRQHandler
                0x0000000008001200                PVD_IRQHandler
                0x0000000008001200                EXTI3_IRQHandler
                0x0000000008001200                EXTI0_IRQHandler
                0x0000000008001200                ADC1_2_IRQHandler
                0x0000000008001200                SPI1_IRQHandler
                0x0000000008001200                TAMPER_IRQHandler
                0x0000000008001200                DMA1_Channel4_IRQHandler
                0x0000000008001200                RTC_IRQHandler
                0x0000000008001200                DMA1_Channel7_IRQHandler
                0x0000000008001200                CAN1_RX1_IRQHandler
                0x0000000008001200                I2C1_EV_IRQHandler
                0x0000000008001200                DMA1_Channel6_IRQHandler
                0x0000000008001200                TIM3_IRQHandler
                0x0000000008001200                RCC_IRQHandler
                0x0000000008001200                TIM1_TRG_COM_IRQHandler
                0x0000000008001200                DMA1_Channel1_IRQHandler
                0x0000000008001200                Default_Handler
                0x0000000008001200                EXTI15_10_IRQHandler
                0x0000000008001200                EXTI9_5_IRQHandler
                0x0000000008001200                DMA1_Channel5_IRQHandler
                0x0000000008001200                EXTI4_IRQHandler
                0x0000000008001200                USB_LP_CAN1_RX0_IRQHandler
                0x0000000008001200                USB_HP_CAN1_TX_IRQHandler
                0x0000000008001200                DMA1_Channel3_IRQHandler
                0x0000000008001200                TIM1_UP_IRQHandler
                0x0000000008001200                WWDG_IRQHandler
                0x0000000008001200                TIM1_BRK_IRQHandler
                0x0000000008001200                EXTI1_IRQHandler
                0x0000000008001200                USART2_IRQHandler
                0x0000000008001200                DMA1_Channel2_IRQHandler
                0x0000000008001200                CAN1_SCE_IRQHandler
                0x0000000008001200                FLASH_IRQHandler
                0x0000000008001200                USART1_IRQHandler
                0x0000000008001200                I2C1_ER_IRQHandler
                0x0000000008001200                USBWakeUp_IRQHandler
 *fill*         0x0000000008001202        0x2 
 .text.HAL_Init
                0x0000000008001204       0x2c ./Drivers/STM32F1xx_HAL_Driver/Src/stm32f1xx_hal.o
                0x0000000008001204                HAL_Init
 .text.HAL_InitTick
                0x0000000008001230       0x60 ./Drivers/STM32F1xx_HAL_Driver/Src/stm32f1xx_hal.o
                0x0000000008001230                HAL_InitTick
 .text.HAL_IncTick
                0x0000000008001290       0x24 ./Drivers/STM32F1xx_HAL_Driver/Src/stm32f1xx_hal.o
                0x0000000008001290                HAL_IncTick
 .text.HAL_GetTick
                0x00000000080012b4       0x14 ./Drivers/STM32F1xx_HAL_Driver/Src/stm32f1xx_hal.o
                0x00000000080012b4                HAL_GetTick
 .text.__NVIC_SetPriorityGrouping
                0x00000000080012c8       0x48 ./Drivers/STM32F1xx_HAL_Driver/Src/stm32f1xx_hal_cortex.o
 .text.__NVIC_GetPriorityGrouping
                0x0000000008001310       0x1c ./Drivers/STM32F1xx_HAL_Driver/Src/stm32f1xx_hal_cortex.o
 .text.__NVIC_EnableIRQ
                0x000000000800132c       0x38 ./Drivers/STM32F1xx_HAL_Driver/Src/stm32f1xx_hal_cortex.o
 .text.__NVIC_SetPriority
                0x0000000008001364       0x54 ./Drivers/STM32F1xx_HAL_Driver/Src/stm32f1xx_hal_cortex.o
 .text.NVIC_EncodePriority
                0x00000000080013b8       0x64 ./Drivers/STM32F1xx_HAL_Driver/Src/stm32f1xx_hal_cortex.o
 .text.SysTick_Config
                0x000000000800141c       0x44 ./Drivers/STM32F1xx_HAL_Driver/Src/stm32f1xx_hal_cortex.o
 .text.HAL_NVIC_SetPriorityGrouping
                0x0000000008001460       0x16 ./Drivers/STM32F1xx_HAL_Driver/Src/stm32f1xx_hal_cortex.o
                0x0000000008001460                HAL_NVIC_SetPriorityGrouping
 .text.HAL_NVIC_SetPriority
                0x0000000008001476       0x38 ./Drivers/STM32F1xx_HAL_Driver/Src/stm32f1xx_hal_cortex.o
                0x0000000008001476                HAL_NVIC_SetPriority
 .text.HAL_NVIC_EnableIRQ
                0x00000000080014ae       0x1c ./Drivers/STM32F1xx_HAL_Driver/Src/stm32f1xx_hal_cortex.o
                0x00000000080014ae                HAL_NVIC_EnableIRQ
 .text.HAL_SYSTICK_Config
                0x00000000080014ca       0x18 ./Drivers/STM32F1xx_HAL_Driver/Src/stm32f1xx_hal_cortex.o
                0x00000000080014ca                HAL_SYSTICK_Config
 *fill*         0x00000000080014e2        0x2 
 .text.HAL_GPIO_Init
                0x00000000080014e4      0x2f4 ./Drivers/STM32F1xx_HAL_Driver/Src/stm32f1xx_hal_gpio.o
                0x00000000080014e4                HAL_GPIO_Init
 .text.HAL_GPIO_ReadPin
                0x00000000080017d8       0x2e ./Drivers/STM32F1xx_HAL_Driver/Src/stm32f1xx_hal_gpio.o
                0x00000000080017d8                HAL_GPIO_ReadPin
 .text.HAL_GPIO_WritePin
                0x0000000008001806       0x30 ./Drivers/STM32F1xx_HAL_Driver/Src/stm32f1xx_hal_gpio.o
                0x0000000008001806                HAL_GPIO_WritePin
 .text.HAL_GPIO_TogglePin
                0x0000000008001836       0x32 ./Drivers/STM32F1xx_HAL_Driver/Src/stm32f1xx_hal_gpio.o
                0x0000000008001836                HAL_GPIO_TogglePin
 .text.HAL_RCC_OscConfig
                0x0000000008001868      0x500 ./Drivers/STM32F1xx_HAL_Driver/Src/stm32f1xx_hal_rcc.o
                0x0000000008001868                HAL_RCC_OscConfig
 .text.HAL_RCC_ClockConfig
                0x0000000008001d68      0x1d4 ./Drivers/STM32F1xx_HAL_Driver/Src/stm32f1xx_hal_rcc.o
                0x0000000008001d68                HAL_RCC_ClockConfig
 .text.HAL_RCC_GetSysClockFreq
                0x0000000008001f3c       0xa8 ./Drivers/STM32F1xx_HAL_Driver/Src/stm32f1xx_hal_rcc.o
                0x0000000008001f3c                HAL_RCC_GetSysClockFreq
 .text.RCC_Delay
                0x0000000008001fe4       0x3c ./Drivers/STM32F1xx_HAL_Driver/Src/stm32f1xx_hal_rcc.o
 .text.HAL_TIM_Base_Init
                0x0000000008002020       0x9e ./Drivers/STM32F1xx_HAL_Driver/Src/stm32f1xx_hal_tim.o
                0x0000000008002020                HAL_TIM_Base_Init
 *fill*         0x00000000080020be        0x2 
 .text.HAL_TIM_Base_Start_IT
                0x00000000080020c0       0x98 ./Drivers/STM32F1xx_HAL_Driver/Src/stm32f1xx_hal_tim.o
                0x00000000080020c0                HAL_TIM_Base_Start_IT
 .text.HAL_TIM_IRQHandler
                0x0000000008002158      0x1e0 ./Drivers/STM32F1xx_HAL_Driver/Src/stm32f1xx_hal_tim.o
                0x0000000008002158                HAL_TIM_IRQHandler
 .text.HAL_TIM_ConfigClockSource
                0x0000000008002338      0x18e ./Drivers/STM32F1xx_HAL_Driver/Src/stm32f1xx_hal_tim.o
                0x0000000008002338                HAL_TIM_ConfigClockSource
 .text.HAL_TIM_OC_DelayElapsedCallback
                0x00000000080024c6       0x12 ./Drivers/STM32F1xx_HAL_Driver/Src/stm32f1xx_hal_tim.o
                0x00000000080024c6                HAL_TIM_OC_DelayElapsedCallback
 .text.HAL_TIM_IC_CaptureCallback
                0x00000000080024d8       0x12 ./Drivers/STM32F1xx_HAL_Driver/Src/stm32f1xx_hal_tim.o
                0x00000000080024d8                HAL_TIM_IC_CaptureCallback
 .text.HAL_TIM_PWM_PulseFinishedCallback
                0x00000000080024ea       0x12 ./Drivers/STM32F1xx_HAL_Driver/Src/stm32f1xx_hal_tim.o
                0x00000000080024ea                HAL_TIM_PWM_PulseFinishedCallback
 .text.HAL_TIM_TriggerCallback
                0x00000000080024fc       0x12 ./Drivers/STM32F1xx_HAL_Driver/Src/stm32f1xx_hal_tim.o
                0x00000000080024fc                HAL_TIM_TriggerCallback
 *fill*         0x000000000800250e        0x2 
 .text.TIM_Base_SetConfig
                0x0000000008002510       0xc8 ./Drivers/STM32F1xx_HAL_Driver/Src/stm32f1xx_hal_tim.o
                0x0000000008002510                TIM_Base_SetConfig
 .text.TIM_TI1_ConfigInputStage
                0x00000000080025d8       0x5c ./Drivers/STM32F1xx_HAL_Driver/Src/stm32f1xx_hal_tim.o
 .text.TIM_TI2_ConfigInputStage
                0x0000000008002634       0x5e ./Drivers/STM32F1xx_HAL_Driver/Src/stm32f1xx_hal_tim.o
 .text.TIM_ITRx_SetConfig
                0x0000000008002692       0x34 ./Drivers/STM32F1xx_HAL_Driver/Src/stm32f1xx_hal_tim.o
 .text.TIM_ETR_SetConfig
                0x00000000080026c6       0x3e ./Drivers/STM32F1xx_HAL_Driver/Src/stm32f1xx_hal_tim.o
                0x00000000080026c6                TIM_ETR_SetConfig
 .text.HAL_TIMEx_MasterConfigSynchronization
                0x0000000008002704       0xb0 ./Drivers/STM32F1xx_HAL_Driver/Src/stm32f1xx_hal_tim_ex.o
                0x0000000008002704                HAL_TIMEx_MasterConfigSynchronization
 .text.HAL_TIMEx_CommutCallback
                0x00000000080027b4       0x12 ./Drivers/STM32F1xx_HAL_Driver/Src/stm32f1xx_hal_tim_ex.o
                0x00000000080027b4                HAL_TIMEx_CommutCallback
 .text.HAL_TIMEx_BreakCallback
                0x00000000080027c6       0x12 ./Drivers/STM32F1xx_HAL_Driver/Src/stm32f1xx_hal_tim_ex.o
                0x00000000080027c6                HAL_TIMEx_BreakCallback
 .text.__libc_init_array
                0x00000000080027d8       0x48 c:/st/stm32cubeide_1.7.0/stm32cubeide/plugins/com.st.stm32cube.ide.mcu.externaltools.gnu-tools-for-stm32.9-2020-q2-update.win32_2.0.0.202105311346/tools/bin/../lib/gcc/arm-none-eabi/9.3.1/../../../../arm-none-eabi/lib/thumb/v7-m/nofp\libc_nano.a(lib_a-init.o)
                0x00000000080027d8                __libc_init_array
 .text.memcpy   0x0000000008002820       0x1c c:/st/stm32cubeide_1.7.0/stm32cubeide/plugins/com.st.stm32cube.ide.mcu.externaltools.gnu-tools-for-stm32.9-2020-q2-update.win32_2.0.0.202105311346/tools/bin/../lib/gcc/arm-none-eabi/9.3.1/../../../../arm-none-eabi/lib/thumb/v7-m/nofp\libc_nano.a(lib_a-memcpy-stub.o)
                0x0000000008002820                memcpy
 .text.memset   0x000000000800283c       0x10 c:/st/stm32cubeide_1.7.0/stm32cubeide/plugins/com.st.stm32cube.ide.mcu.externaltools.gnu-tools-for-stm32.9-2020-q2-update.win32_2.0.0.202105311346/tools/bin/../lib/gcc/arm-none-eabi/9.3.1/../../../../arm-none-eabi/lib/thumb/v7-m/nofp\libc_nano.a(lib_a-memset.o)
                0x000000000800283c                memset
 *(.glue_7)
 .glue_7        0x000000000800284c        0x0 linker stubs
 *(.glue_7t)
 .glue_7t       0x000000000800284c        0x0 linker stubs
 *(.eh_frame)
 .eh_frame      0x000000000800284c        0x0 c:/st/stm32cubeide_1.7.0/stm32cubeide/plugins/com.st.stm32cube.ide.mcu.externaltools.gnu-tools-for-stm32.9-2020-q2-update.win32_2.0.0.202105311346/tools/bin/../lib/gcc/arm-none-eabi/9.3.1/thumb/v7-m/nofp/crtbegin.o
 *(.init)
 .init          0x000000000800284c        0x4 c:/st/stm32cubeide_1.7.0/stm32cubeide/plugins/com.st.stm32cube.ide.mcu.externaltools.gnu-tools-for-stm32.9-2020-q2-update.win32_2.0.0.202105311346/tools/bin/../lib/gcc/arm-none-eabi/9.3.1/thumb/v7-m/nofp/crti.o
                0x000000000800284c                _init
 .init          0x0000000008002850        0x8 c:/st/stm32cubeide_1.7.0/stm32cubeide/plugins/com.st.stm32cube.ide.mcu.externaltools.gnu-tools-for-stm32.9-2020-q2-update.win32_2.0.0.202105311346/tools/bin/../lib/gcc/arm-none-eabi/9.3.1/thumb/v7-m/nofp/crtn.o
 *(.fini)
 .fini          0x0000000008002858        0x4 c:/st/stm32cubeide_1.7.0/stm32cubeide/plugins/com.st.stm32cube.ide.mcu.externaltools.gnu-tools-for-stm32.9-2020-q2-update.win32_2.0.0.202105311346/tools/bin/../lib/gcc/arm-none-eabi/9.3.1/thumb/v7-m/nofp/crti.o
                0x0000000008002858                _fini
 .fini          0x000000000800285c        0x8 c:/st/stm32cubeide_1.7.0/stm32cubeide/plugins/com.st.stm32cube.ide.mcu.externaltools.gnu-tools-for-stm32.9-2020-q2-update.win32_2.0.0.202105311346/tools/bin/../lib/gcc/arm-none-eabi/9.3.1/thumb/v7-m/nofp/crtn.o
                0x0000000008002864                . = ALIGN (0x4)
                0x0000000008002864                _etext = .

.vfp11_veneer   0x0000000008002864        0x0
 .vfp11_veneer  0x0000000008002864        0x0 linker stubs

.v4_bx          0x0000000008002864        0x0
 .v4_bx         0x0000000008002864        0x0 linker stubs

.iplt           0x0000000008002864        0x0
 .iplt          0x0000000008002864        0x0 c:/st/stm32cubeide_1.7.0/stm32cubeide/plugins/com.st.stm32cube.ide.mcu.externaltools.gnu-tools-for-stm32.9-2020-q2-update.win32_2.0.0.202105311346/tools/bin/../lib/gcc/arm-none-eabi/9.3.1/thumb/v7-m/nofp/crtbegin.o

.rodata         0x0000000008002864       0x6c
                0x0000000008002864                . = ALIGN (0x4)
 *(.rodata)
 .rodata        0x0000000008002864       0x46 ./Core/Src/button_n_display.o
 *(.rodata*)
 *fill*         0x00000000080028aa        0x2 
 .rodata.AHBPrescTable
                0x00000000080028ac       0x10 ./Core/Src/system_stm32f1xx.o
                0x00000000080028ac                AHBPrescTable
 .rodata.aPLLMULFactorTable.6032
                0x00000000080028bc       0x10 ./Drivers/STM32F1xx_HAL_Driver/Src/stm32f1xx_hal_rcc.o
 .rodata.aPredivFactorTable.6033
                0x00000000080028cc        0x2 ./Drivers/STM32F1xx_HAL_Driver/Src/stm32f1xx_hal_rcc.o
                0x00000000080028d0                . = ALIGN (0x4)
 *fill*         0x00000000080028ce        0x2 

.rel.dyn        0x00000000080028d0        0x0
 .rel.iplt      0x00000000080028d0        0x0 c:/st/stm32cubeide_1.7.0/stm32cubeide/plugins/com.st.stm32cube.ide.mcu.externaltools.gnu-tools-for-stm32.9-2020-q2-update.win32_2.0.0.202105311346/tools/bin/../lib/gcc/arm-none-eabi/9.3.1/thumb/v7-m/nofp/crtbegin.o

.ARM.extab      0x00000000080028d0        0x0
                0x00000000080028d0                . = ALIGN (0x4)
 *(.ARM.extab* .gnu.linkonce.armextab.*)
                0x00000000080028d0                . = ALIGN (0x4)

.ARM            0x00000000080028d0        0x0
                0x00000000080028d0                . = ALIGN (0x4)
                0x00000000080028d0                __exidx_start = .
 *(.ARM.exidx*)
                0x00000000080028d0                __exidx_end = .
                0x00000000080028d0                . = ALIGN (0x4)

.preinit_array  0x00000000080028d0        0x0
                0x00000000080028d0                . = ALIGN (0x4)
                0x00000000080028d0                PROVIDE (__preinit_array_start = .)
 *(.preinit_array*)
                0x00000000080028d0                PROVIDE (__preinit_array_end = .)
                0x00000000080028d0                . = ALIGN (0x4)

.init_array     0x00000000080028d0        0x4
                0x00000000080028d0                . = ALIGN (0x4)
                0x00000000080028d0                PROVIDE (__init_array_start = .)
 *(SORT_BY_NAME(.init_array.*))
 *(.init_array*)
 .init_array    0x00000000080028d0        0x4 c:/st/stm32cubeide_1.7.0/stm32cubeide/plugins/com.st.stm32cube.ide.mcu.externaltools.gnu-tools-for-stm32.9-2020-q2-update.win32_2.0.0.202105311346/tools/bin/../lib/gcc/arm-none-eabi/9.3.1/thumb/v7-m/nofp/crtbegin.o
                0x00000000080028d4                PROVIDE (__init_array_end = .)
                0x00000000080028d4                . = ALIGN (0x4)

.fini_array     0x00000000080028d4        0x4
                0x00000000080028d4                . = ALIGN (0x4)
                [!provide]                        PROVIDE (__fini_array_start = .)
 *(SORT_BY_NAME(.fini_array.*))
 *(.fini_array*)
 .fini_array    0x00000000080028d4        0x4 c:/st/stm32cubeide_1.7.0/stm32cubeide/plugins/com.st.stm32cube.ide.mcu.externaltools.gnu-tools-for-stm32.9-2020-q2-update.win32_2.0.0.202105311346/tools/bin/../lib/gcc/arm-none-eabi/9.3.1/thumb/v7-m/nofp/crtbegin.o
                [!provide]                        PROVIDE (__fini_array_end = .)
                0x00000000080028d8                . = ALIGN (0x4)
                0x00000000080028d8                _sidata = LOADADDR (.data)

.data           0x0000000020000000       0x40 load address 0x00000000080028d8
                0x0000000020000000                . = ALIGN (0x4)
                0x0000000020000000                _sdata = .
 *(.data)
 *(.data*)
 .data.led_buffer
                0x0000000020000000       0x10 ./Core/Src/button_n_display.o
                0x0000000020000000                led_buffer
 .data.button_ports
                0x0000000020000010        0xc ./Core/Src/button_n_display.o
 .data.button_pins
                0x000000002000001c        0x6 ./Core/Src/button_n_display.o
 *fill*         0x0000000020000022        0x2 
 .data.red_duration
                0x0000000020000024        0x4 ./Core/Src/fsm.o
                0x0000000020000024                red_duration
 .data.yellow_duration
                0x0000000020000028        0x4 ./Core/Src/fsm.o
                0x0000000020000028                yellow_duration
 .data.green_duration
                0x000000002000002c        0x4 ./Core/Src/fsm.o
                0x000000002000002c                green_duration
 .data.auto_increase_count
                0x0000000020000030        0x4 ./Core/Src/fsm.o
                0x0000000020000030                auto_increase_count
 .data.SystemCoreClock
                0x0000000020000034        0x4 ./Core/Src/system_stm32f1xx.o
                0x0000000020000034                SystemCoreClock
 .data.uwTickPrio
                0x0000000020000038        0x4 ./Drivers/STM32F1xx_HAL_Driver/Src/stm32f1xx_hal.o
                0x0000000020000038                uwTickPrio
 .data.uwTickFreq
                0x000000002000003c        0x1 ./Drivers/STM32F1xx_HAL_Driver/Src/stm32f1xx_hal.o
                0x000000002000003c                uwTickFreq
 *(.RamFunc)
 *(.RamFunc*)
                0x0000000020000040                . = ALIGN (0x4)
 *fill*         0x000000002000003d        0x3 
                0x0000000020000040                _edata = .

.igot.plt       0x0000000020000040        0x0 load address 0x0000000008002918
 .igot.plt      0x0000000020000040        0x0 c:/st/stm32cubeide_1.7.0/stm32cubeide/plugins/com.st.stm32cube.ide.mcu.externaltools.gnu-tools-for-stm32.9-2020-q2-update.win32_2.0.0.202105311346/tools/bin/../lib/gcc/arm-none-eabi/9.3.1/thumb/v7-m/nofp/crtbegin.o
                0x0000000020000040                . = ALIGN (0x4)

.bss            0x0000000020000040       0xcc load address 0x0000000008002918
                0x0000000020000040                _sbss = .
                0x0000000020000040                __bss_start__ = _sbss
 *(.bss)
 .bss           0x0000000020000040       0x1c c:/st/stm32cubeide_1.7.0/stm32cubeide/plugins/com.st.stm32cube.ide.mcu.externaltools.gnu-tools-for-stm32.9-2020-q2-update.win32_2.0.0.202105311346/tools/bin/../lib/gcc/arm-none-eabi/9.3.1/thumb/v7-m/nofp/crtbegin.o
 *(.bss*)
 .bss.index_led
                0x000000002000005c        0x4 ./Core/Src/button_n_display.o
                0x000000002000005c                index_led
 .bss.buttonBuffer
                0x0000000020000060        0x3 ./Core/Src/button_n_display.o
 *fill*         0x0000000020000063        0x1 
 .bss.debounceButtonBuffer1
                0x0000000020000064        0x3 ./Core/Src/button_n_display.o
 *fill*         0x0000000020000067        0x1 
 .bss.debounceButtonBuffer2
                0x0000000020000068        0x3 ./Core/Src/button_n_display.o
 *fill*         0x000000002000006b        0x1 
 .bss.buttonBuffer_last
                0x000000002000006c        0x3 ./Core/Src/button_n_display.o
 *fill*         0x000000002000006f        0x1 
 .bss.flagForButtonPress1s
                0x0000000020000070        0x3 ./Core/Src/button_n_display.o
 *fill*         0x0000000020000073        0x1 
 .bss.counterForButtonPress1s
                0x0000000020000074        0x6 ./Core/Src/button_n_display.o
 .bss.current_mode
                0x000000002000007a        0x1 ./Core/Src/fsm.o
 .bss.traffic_state
                0x000000002000007b        0x1 ./Core/Src/fsm.o
 .bss.temp_duration
                0x000000002000007c        0x4 ./Core/Src/fsm.o
 .bss.current_time
                0x0000000020000080        0x4 ./Core/Src/fsm.o
                0x0000000020000080                current_time
 .bss.timer0_counter
                0x0000000020000084        0x4 ./Core/Src/timer.o
                0x0000000020000084                timer0_counter
 .bss.timer0_flag
                0x0000000020000088        0x4 ./Core/Src/timer.o
                0x0000000020000088                timer0_flag
 .bss.timer0_inni
                0x000000002000008c        0x4 ./Core/Src/timer.o
                0x000000002000008c                timer0_inni
 .bss.timer1_counter
                0x0000000020000090        0x4 ./Core/Src/timer.o
                0x0000000020000090                timer1_counter
 .bss.timer1_flag
                0x0000000020000094        0x4 ./Core/Src/timer.o
                0x0000000020000094                timer1_flag
 .bss.timer1_inni
                0x0000000020000098        0x4 ./Core/Src/timer.o
                0x0000000020000098                timer1_inni
 .bss.timer2_counter
                0x000000002000009c        0x4 ./Core/Src/timer.o
                0x000000002000009c                timer2_counter
 .bss.timer2_flag
                0x00000000200000a0        0x4 ./Core/Src/timer.o
                0x00000000200000a0                timer2_flag
 .bss.timer2_inni
                0x00000000200000a4        0x4 ./Core/Src/timer.o
                0x00000000200000a4                timer2_inni
 .bss.traffic_timer_counter
                0x00000000200000a8        0x4 ./Core/Src/timer.o
                0x00000000200000a8                traffic_timer_counter
 .bss.traffic_timer_flag
                0x00000000200000ac        0x4 ./Core/Src/timer.o
                0x00000000200000ac                traffic_timer_flag
 .bss.traffic_timer_inni
                0x00000000200000b0        0x4 ./Core/Src/timer.o
                0x00000000200000b0                traffic_timer_inni
 .bss.modify_timer_counter
                0x00000000200000b4        0x4 ./Core/Src/timer.o
                0x00000000200000b4                modify_timer_counter
 .bss.modify_timer_flag
                0x00000000200000b8        0x4 ./Core/Src/timer.o
                0x00000000200000b8                modify_timer_flag
 .bss.modify_timer_inni
                0x00000000200000bc        0x4 ./Core/Src/timer.o
                0x00000000200000bc                modify_timer_inni
 *(COMMON)
 COMMON         0x00000000200000c0       0x48 ./Core/Src/main.o
                0x00000000200000c0                htim2
 COMMON         0x0000000020000108        0x4 ./Drivers/STM32F1xx_HAL_Driver/Src/stm32f1xx_hal.o
                0x0000000020000108                uwTick
                0x000000002000010c                . = ALIGN (0x4)
                0x000000002000010c                _ebss = .
                0x000000002000010c                __bss_end__ = _ebss

._user_heap_stack
                0x000000002000010c      0x604 load address 0x0000000008002918
                0x0000000020000110                . = ALIGN (0x8)
 *fill*         0x000000002000010c        0x4 
                [!provide]                        PROVIDE (end = .)
                0x0000000020000110                PROVIDE (_end = .)
                0x0000000020000310                . = (. + _Min_Heap_Size)
 *fill*         0x0000000020000110      0x200 
                0x0000000020000710                . = (. + _Min_Stack_Size)
 *fill*         0x0000000020000310      0x400 
                0x0000000020000710                . = ALIGN (0x8)

/DISCARD/
 libc.a(*)
 libm.a(*)
 libgcc.a(*)

.ARM.attributes
                0x0000000000000000       0x29
 *(.ARM.attributes)
 .ARM.attributes
                0x0000000000000000       0x1d c:/st/stm32cubeide_1.7.0/stm32cubeide/plugins/com.st.stm32cube.ide.mcu.externaltools.gnu-tools-for-stm32.9-2020-q2-update.win32_2.0.0.202105311346/tools/bin/../lib/gcc/arm-none-eabi/9.3.1/thumb/v7-m/nofp/crti.o
 .ARM.attributes
                0x000000000000001d       0x2d c:/st/stm32cubeide_1.7.0/stm32cubeide/plugins/com.st.stm32cube.ide.mcu.externaltools.gnu-tools-for-stm32.9-2020-q2-update.win32_2.0.0.202105311346/tools/bin/../lib/gcc/arm-none-eabi/9.3.1/thumb/v7-m/nofp/crtbegin.o
 .ARM.attributes
                0x000000000000004a       0x2d ./Core/Src/button_n_display.o
 .ARM.attributes
                0x0000000000000077       0x2d ./Core/Src/fsm.o
 .ARM.attributes
                0x00000000000000a4       0x2d ./Core/Src/main.o
 .ARM.attributes
                0x00000000000000d1       0x2d ./Core/Src/stm32f1xx_hal_msp.o
 .ARM.attributes
                0x00000000000000fe       0x2d ./Core/Src/stm32f1xx_it.o
 .ARM.attributes
                0x000000000000012b       0x2d ./Core/Src/system_stm32f1xx.o
 .ARM.attributes
                0x0000000000000158       0x2d ./Core/Src/timer.o
 .ARM.attributes
                0x0000000000000185       0x21 ./Core/Startup/startup_stm32f103c6ux.o
 .ARM.attributes
                0x00000000000001a6       0x2d ./Drivers/STM32F1xx_HAL_Driver/Src/stm32f1xx_hal.o
 .ARM.attributes
                0x00000000000001d3       0x2d ./Drivers/STM32F1xx_HAL_Driver/Src/stm32f1xx_hal_cortex.o
 .ARM.attributes
                0x0000000000000200       0x2d ./Drivers/STM32F1xx_HAL_Driver/Src/stm32f1xx_hal_gpio.o
 .ARM.attributes
                0x000000000000022d       0x2d ./Drivers/STM32F1xx_HAL_Driver/Src/stm32f1xx_hal_rcc.o
 .ARM.attributes
                0x000000000000025a       0x2d ./Drivers/STM32F1xx_HAL_Driver/Src/stm32f1xx_hal_tim.o
 .ARM.attributes
                0x0000000000000287       0x2d ./Drivers/STM32F1xx_HAL_Driver/Src/stm32f1xx_hal_tim_ex.o
 .ARM.attributes
                0x00000000000002b4       0x2d c:/st/stm32cubeide_1.7.0/stm32cubeide/plugins/com.st.stm32cube.ide.mcu.externaltools.gnu-tools-for-stm32.9-2020-q2-update.win32_2.0.0.202105311346/tools/bin/../lib/gcc/arm-none-eabi/9.3.1/../../../../arm-none-eabi/lib/thumb/v7-m/nofp\libc_nano.a(lib_a-init.o)
 .ARM.attributes
                0x00000000000002e1       0x2d c:/st/stm32cubeide_1.7.0/stm32cubeide/plugins/com.st.stm32cube.ide.mcu.externaltools.gnu-tools-for-stm32.9-2020-q2-update.win32_2.0.0.202105311346/tools/bin/../lib/gcc/arm-none-eabi/9.3.1/../../../../arm-none-eabi/lib/thumb/v7-m/nofp\libc_nano.a(lib_a-memcpy-stub.o)
 .ARM.attributes
                0x000000000000030e       0x2d c:/st/stm32cubeide_1.7.0/stm32cubeide/plugins/com.st.stm32cube.ide.mcu.externaltools.gnu-tools-for-stm32.9-2020-q2-update.win32_2.0.0.202105311346/tools/bin/../lib/gcc/arm-none-eabi/9.3.1/../../../../arm-none-eabi/lib/thumb/v7-m/nofp\libc_nano.a(lib_a-memset.o)
 .ARM.attributes
                0x000000000000033b       0x1d c:/st/stm32cubeide_1.7.0/stm32cubeide/plugins/com.st.stm32cube.ide.mcu.externaltools.gnu-tools-for-stm32.9-2020-q2-update.win32_2.0.0.202105311346/tools/bin/../lib/gcc/arm-none-eabi/9.3.1/thumb/v7-m/nofp/crtn.o
OUTPUT(Lab3.elf elf32-littlearm)
LOAD linker stubs
LOAD c:/st/stm32cubeide_1.7.0/stm32cubeide/plugins/com.st.stm32cube.ide.mcu.externaltools.gnu-tools-for-stm32.9-2020-q2-update.win32_2.0.0.202105311346/tools/bin/../lib/gcc/arm-none-eabi/9.3.1/../../../../arm-none-eabi/lib/thumb/v7-m/nofp\libc.a
LOAD c:/st/stm32cubeide_1.7.0/stm32cubeide/plugins/com.st.stm32cube.ide.mcu.externaltools.gnu-tools-for-stm32.9-2020-q2-update.win32_2.0.0.202105311346/tools/bin/../lib/gcc/arm-none-eabi/9.3.1/../../../../arm-none-eabi/lib/thumb/v7-m/nofp\libm.a
LOAD c:/st/stm32cubeide_1.7.0/stm32cubeide/plugins/com.st.stm32cube.ide.mcu.externaltools.gnu-tools-for-stm32.9-2020-q2-update.win32_2.0.0.202105311346/tools/bin/../lib/gcc/arm-none-eabi/9.3.1/thumb/v7-m/nofp\libgcc.a

.debug_info     0x0000000000000000     0x926d
 .debug_info    0x0000000000000000      0x59f ./Core/Src/button_n_display.o
 .debug_info    0x000000000000059f      0x407 ./Core/Src/fsm.o
 .debug_info    0x00000000000009a6      0xc1b ./Core/Src/main.o
 .debug_info    0x00000000000015c1      0xa09 ./Core/Src/stm32f1xx_hal_msp.o
 .debug_info    0x0000000000001fca      0x7b9 ./Core/Src/stm32f1xx_it.o
 .debug_info    0x0000000000002783      0x2be ./Core/Src/system_stm32f1xx.o
 .debug_info    0x0000000000002a41      0x3bb ./Core/Src/timer.o
 .debug_info    0x0000000000002dfc       0x22 ./Core/Startup/startup_stm32f103c6ux.o
 .debug_info    0x0000000000002e1e      0x74c ./Drivers/STM32F1xx_HAL_Driver/Src/stm32f1xx_hal.o
 .debug_info    0x000000000000356a      0xbbe ./Drivers/STM32F1xx_HAL_Driver/Src/stm32f1xx_hal_cortex.o
 .debug_info    0x0000000000004128      0x701 ./Drivers/STM32F1xx_HAL_Driver/Src/stm32f1xx_hal_gpio.o
 .debug_info    0x0000000000004829      0x893 ./Drivers/STM32F1xx_HAL_Driver/Src/stm32f1xx_hal_rcc.o
 .debug_info    0x00000000000050bc     0x2c32 ./Drivers/STM32F1xx_HAL_Driver/Src/stm32f1xx_hal_tim.o
 .debug_info    0x0000000000007cee     0x157f ./Drivers/STM32F1xx_HAL_Driver/Src/stm32f1xx_hal_tim_ex.o

.debug_abbrev   0x0000000000000000     0x18ff
 .debug_abbrev  0x0000000000000000      0x1bc ./Core/Src/button_n_display.o
 .debug_abbrev  0x00000000000001bc      0x14c ./Core/Src/fsm.o
 .debug_abbrev  0x0000000000000308      0x22c ./Core/Src/main.o
 .debug_abbrev  0x0000000000000534      0x1b7 ./Core/Src/stm32f1xx_hal_msp.o
 .debug_abbrev  0x00000000000006eb      0x176 ./Core/Src/stm32f1xx_it.o
 .debug_abbrev  0x0000000000000861      0x14e ./Core/Src/system_stm32f1xx.o
 .debug_abbrev  0x00000000000009af      0x11f ./Core/Src/timer.o
 .debug_abbrev  0x0000000000000ace       0x12 ./Core/Startup/startup_stm32f103c6ux.o
 .debug_abbrev  0x0000000000000ae0      0x1ed ./Drivers/STM32F1xx_HAL_Driver/Src/stm32f1xx_hal.o
 .debug_abbrev  0x0000000000000ccd      0x313 ./Drivers/STM32F1xx_HAL_Driver/Src/stm32f1xx_hal_cortex.o
 .debug_abbrev  0x0000000000000fe0      0x1e8 ./Drivers/STM32F1xx_HAL_Driver/Src/stm32f1xx_hal_gpio.o
 .debug_abbrev  0x00000000000011c8      0x273 ./Drivers/STM32F1xx_HAL_Driver/Src/stm32f1xx_hal_rcc.o
 .debug_abbrev  0x000000000000143b      0x25e ./Drivers/STM32F1xx_HAL_Driver/Src/stm32f1xx_hal_tim.o
 .debug_abbrev  0x0000000000001699      0x266 ./Drivers/STM32F1xx_HAL_Driver/Src/stm32f1xx_hal_tim_ex.o

.debug_aranges  0x0000000000000000      0xa28
 .debug_aranges
                0x0000000000000000       0x68 ./Core/Src/button_n_display.o
 .debug_aranges
                0x0000000000000068       0x48 ./Core/Src/fsm.o
 .debug_aranges
                0x00000000000000b0       0x48 ./Core/Src/main.o
 .debug_aranges
                0x00000000000000f8       0x30 ./Core/Src/stm32f1xx_hal_msp.o
 .debug_aranges
                0x0000000000000128       0x68 ./Core/Src/stm32f1xx_it.o
 .debug_aranges
                0x0000000000000190       0x28 ./Core/Src/system_stm32f1xx.o
 .debug_aranges
                0x00000000000001b8       0x48 ./Core/Src/timer.o
 .debug_aranges
                0x0000000000000200       0x28 ./Core/Startup/startup_stm32f103c6ux.o
 .debug_aranges
                0x0000000000000228       0xe0 ./Drivers/STM32F1xx_HAL_Driver/Src/stm32f1xx_hal.o
 .debug_aranges
                0x0000000000000308      0x100 ./Drivers/STM32F1xx_HAL_Driver/Src/stm32f1xx_hal_cortex.o
 .debug_aranges
                0x0000000000000408       0x58 ./Drivers/STM32F1xx_HAL_Driver/Src/stm32f1xx_hal_gpio.o
 .debug_aranges
                0x0000000000000460       0x90 ./Drivers/STM32F1xx_HAL_Driver/Src/stm32f1xx_hal_rcc.o
 .debug_aranges
                0x00000000000004f0      0x3d0 ./Drivers/STM32F1xx_HAL_Driver/Src/stm32f1xx_hal_tim.o
 .debug_aranges
                0x00000000000008c0      0x168 ./Drivers/STM32F1xx_HAL_Driver/Src/stm32f1xx_hal_tim_ex.o

.debug_ranges   0x0000000000000000      0x950
 .debug_ranges  0x0000000000000000       0x58 ./Core/Src/button_n_display.o
 .debug_ranges  0x0000000000000058       0x38 ./Core/Src/fsm.o
 .debug_ranges  0x0000000000000090       0x38 ./Core/Src/main.o
 .debug_ranges  0x00000000000000c8       0x20 ./Core/Src/stm32f1xx_hal_msp.o
 .debug_ranges  0x00000000000000e8       0x58 ./Core/Src/stm32f1xx_it.o
 .debug_ranges  0x0000000000000140       0x18 ./Core/Src/system_stm32f1xx.o
 .debug_ranges  0x0000000000000158       0x38 ./Core/Src/timer.o
 .debug_ranges  0x0000000000000190       0x20 ./Core/Startup/startup_stm32f103c6ux.o
 .debug_ranges  0x00000000000001b0       0xd0 ./Drivers/STM32F1xx_HAL_Driver/Src/stm32f1xx_hal.o
 .debug_ranges  0x0000000000000280       0xf0 ./Drivers/STM32F1xx_HAL_Driver/Src/stm32f1xx_hal_cortex.o
 .debug_ranges  0x0000000000000370       0x48 ./Drivers/STM32F1xx_HAL_Driver/Src/stm32f1xx_hal_gpio.o
 .debug_ranges  0x00000000000003b8       0x80 ./Drivers/STM32F1xx_HAL_Driver/Src/stm32f1xx_hal_rcc.o
 .debug_ranges  0x0000000000000438      0x3c0 ./Drivers/STM32F1xx_HAL_Driver/Src/stm32f1xx_hal_tim.o
 .debug_ranges  0x00000000000007f8      0x158 ./Drivers/STM32F1xx_HAL_Driver/Src/stm32f1xx_hal_tim_ex.o

.debug_macro    0x0000000000000000    0x16882
 .debug_macro   0x0000000000000000      0x1ce ./Core/Src/button_n_display.o
 .debug_macro   0x00000000000001ce      0xa9c ./Core/Src/button_n_display.o
 .debug_macro   0x0000000000000c6a      0x215 ./Core/Src/button_n_display.o
 .debug_macro   0x0000000000000e7f       0x2e ./Core/Src/button_n_display.o
 .debug_macro   0x0000000000000ead       0x22 ./Core/Src/button_n_display.o
 .debug_macro   0x0000000000000ecf       0x22 ./Core/Src/button_n_display.o
 .debug_macro   0x0000000000000ef1       0x8e ./Core/Src/button_n_display.o
 .debug_macro   0x0000000000000f7f       0x51 ./Core/Src/button_n_display.o
 .debug_macro   0x0000000000000fd0      0x103 ./Core/Src/button_n_display.o
 .debug_macro   0x00000000000010d3       0x6a ./Core/Src/button_n_display.o
 .debug_macro   0x000000000000113d      0x1df ./Core/Src/button_n_display.o
 .debug_macro   0x000000000000131c       0x1c ./Core/Src/button_n_display.o
 .debug_macro   0x0000000000001338       0x22 ./Core/Src/button_n_display.o
 .debug_macro   0x000000000000135a       0xc3 ./Core/Src/button_n_display.o
 .debug_macro   0x000000000000141d      0xd23 ./Core/Src/button_n_display.o
 .debug_macro   0x0000000000002140     0xde75 ./Core/Src/button_n_display.o
 .debug_macro   0x000000000000ffb5       0x6d ./Core/Src/button_n_display.o
 .debug_macro   0x0000000000010022     0x34a2 ./Core/Src/button_n_display.o
 .debug_macro   0x00000000000134c4      0x174 ./Core/Src/button_n_display.o
 .debug_macro   0x0000000000013638       0x5c ./Core/Src/button_n_display.o
 .debug_macro   0x0000000000013694      0x5bc ./Core/Src/button_n_display.o
 .debug_macro   0x0000000000013c50      0x1b7 ./Core/Src/button_n_display.o
 .debug_macro   0x0000000000013e07      0x1cb ./Core/Src/button_n_display.o
 .debug_macro   0x0000000000013fd2      0x114 ./Core/Src/button_n_display.o
 .debug_macro   0x00000000000140e6      0x1b2 ./Core/Src/button_n_display.o
 .debug_macro   0x0000000000014298       0x27 ./Core/Src/button_n_display.o
 .debug_macro   0x00000000000142bf      0x12f ./Core/Src/button_n_display.o
 .debug_macro   0x00000000000143ee      0x1bc ./Core/Src/button_n_display.o
 .debug_macro   0x00000000000145aa       0x34 ./Core/Src/button_n_display.o
 .debug_macro   0x00000000000145de       0x3c ./Core/Src/button_n_display.o
 .debug_macro   0x000000000001461a       0x57 ./Core/Src/button_n_display.o
 .debug_macro   0x0000000000014671       0x87 ./Core/Src/button_n_display.o
 .debug_macro   0x00000000000146f8      0x183 ./Core/Src/button_n_display.o
 .debug_macro   0x000000000001487b      0x140 ./Core/Src/button_n_display.o
 .debug_macro   0x00000000000149bb      0x8ed ./Core/Src/button_n_display.o
 .debug_macro   0x00000000000152a8       0x69 ./Core/Src/button_n_display.o
 .debug_macro   0x0000000000015311      0x106 ./Core/Src/button_n_display.o
 .debug_macro   0x0000000000015417      0x1ca ./Core/Src/fsm.o
 .debug_macro   0x00000000000155e1      0x1c8 ./Core/Src/main.o
 .debug_macro   0x00000000000157a9      0x1a6 ./Core/Src/stm32f1xx_hal_msp.o
 .debug_macro   0x000000000001594f      0x1b0 ./Core/Src/stm32f1xx_it.o
 .debug_macro   0x0000000000015aff      0x197 ./Core/Src/system_stm32f1xx.o
 .debug_macro   0x0000000000015c96      0x1c0 ./Core/Src/timer.o
 .debug_macro   0x0000000000015e56      0x1bb ./Drivers/STM32F1xx_HAL_Driver/Src/stm32f1xx_hal.o
 .debug_macro   0x0000000000016011      0x197 ./Drivers/STM32F1xx_HAL_Driver/Src/stm32f1xx_hal_cortex.o
 .debug_macro   0x00000000000161a8      0x202 ./Drivers/STM32F1xx_HAL_Driver/Src/stm32f1xx_hal_gpio.o
 .debug_macro   0x00000000000163aa      0x1a9 ./Drivers/STM32F1xx_HAL_Driver/Src/stm32f1xx_hal_rcc.o
 .debug_macro   0x0000000000016553      0x198 ./Drivers/STM32F1xx_HAL_Driver/Src/stm32f1xx_hal_tim.o
 .debug_macro   0x00000000000166eb      0x197 ./Drivers/STM32F1xx_HAL_Driver/Src/stm32f1xx_hal_tim_ex.o

.debug_line     0x0000000000000000     0xac56
 .debug_line    0x0000000000000000      0x89d ./Core/Src/button_n_display.o
 .debug_line    0x000000000000089d      0x8e5 ./Core/Src/fsm.o
 .debug_line    0x0000000000001182      0x7d1 ./Core/Src/main.o
 .debug_line    0x0000000000001953      0x6a1 ./Core/Src/stm32f1xx_hal_msp.o
 .debug_line    0x0000000000001ff4      0x73f ./Core/Src/stm32f1xx_it.o
 .debug_line    0x0000000000002733      0x6e3 ./Core/Src/system_stm32f1xx.o
 .debug_line    0x0000000000002e16      0x77c ./Core/Src/timer.o
 .debug_line    0x0000000000003592       0x86 ./Core/Startup/startup_stm32f103c6ux.o
 .debug_line    0x0000000000003618      0x910 ./Drivers/STM32F1xx_HAL_Driver/Src/stm32f1xx_hal.o
 .debug_line    0x0000000000003f28      0xaf8 ./Drivers/STM32F1xx_HAL_Driver/Src/stm32f1xx_hal_cortex.o
 .debug_line    0x0000000000004a20      0x993 ./Drivers/STM32F1xx_HAL_Driver/Src/stm32f1xx_hal_gpio.o
 .debug_line    0x00000000000053b3      0xd1c ./Drivers/STM32F1xx_HAL_Driver/Src/stm32f1xx_hal_rcc.o
 .debug_line    0x00000000000060cf     0x3361 ./Drivers/STM32F1xx_HAL_Driver/Src/stm32f1xx_hal_tim.o
 .debug_line    0x0000000000009430     0x1826 ./Drivers/STM32F1xx_HAL_Driver/Src/stm32f1xx_hal_tim_ex.o

.debug_str      0x0000000000000000    0x825e5
 .debug_str     0x0000000000000000    0x7f960 ./Core/Src/button_n_display.o
                                      0x7fcbe (size before relaxing)
 .debug_str     0x000000000007f960      0x230 ./Core/Src/fsm.o
                                      0x7fcdb (size before relaxing)
 .debug_str     0x000000000007fb90      0x6df ./Core/Src/main.o
                                      0x802be (size before relaxing)
 .debug_str     0x000000000008026f      0x2ba ./Core/Src/stm32f1xx_hal_msp.o
                                      0x80263 (size before relaxing)
 .debug_str     0x0000000000080529       0xcd ./Core/Src/stm32f1xx_it.o
                                      0x7ffc5 (size before relaxing)
 .debug_str     0x00000000000805f6       0x52 ./Core/Src/system_stm32f1xx.o
                                      0x7f763 (size before relaxing)
 .debug_str     0x0000000000080648      0x132 ./Core/Src/timer.o
                                      0x7fc09 (size before relaxing)
 .debug_str     0x000000000008077a       0x36 ./Core/Startup/startup_stm32f103c6ux.o
                                         0x57 (size before relaxing)
 .debug_str     0x00000000000807b0      0x304 ./Drivers/STM32F1xx_HAL_Driver/Src/stm32f1xx_hal.o
                                      0x7fdba (size before relaxing)
 .debug_str     0x0000000000080ab4      0x300 ./Drivers/STM32F1xx_HAL_Driver/Src/stm32f1xx_hal_cortex.o
                                      0x7fdc2 (size before relaxing)
 .debug_str     0x0000000000080db4      0x316 ./Drivers/STM32F1xx_HAL_Driver/Src/stm32f1xx_hal_gpio.o
                                      0x7fb27 (size before relaxing)
 .debug_str     0x00000000000810ca      0x24f ./Drivers/STM32F1xx_HAL_Driver/Src/stm32f1xx_hal_rcc.o
                                      0x7fb60 (size before relaxing)
 .debug_str     0x0000000000081319      0xdde ./Drivers/STM32F1xx_HAL_Driver/Src/stm32f1xx_hal_tim.o
                                      0x80b49 (size before relaxing)
 .debug_str     0x00000000000820f7      0x4ee ./Drivers/STM32F1xx_HAL_Driver/Src/stm32f1xx_hal_tim_ex.o
                                      0x802ea (size before relaxing)

.comment        0x0000000000000000       0x53
 .comment       0x0000000000000000       0x53 ./Core/Src/button_n_display.o
                                         0x54 (size before relaxing)
 .comment       0x0000000000000053       0x54 ./Core/Src/fsm.o
 .comment       0x0000000000000053       0x54 ./Core/Src/main.o
 .comment       0x0000000000000053       0x54 ./Core/Src/stm32f1xx_hal_msp.o
 .comment       0x0000000000000053       0x54 ./Core/Src/stm32f1xx_it.o
 .comment       0x0000000000000053       0x54 ./Core/Src/system_stm32f1xx.o
 .comment       0x0000000000000053       0x54 ./Core/Src/timer.o
 .comment       0x0000000000000053       0x54 ./Drivers/STM32F1xx_HAL_Driver/Src/stm32f1xx_hal.o
 .comment       0x0000000000000053       0x54 ./Drivers/STM32F1xx_HAL_Driver/Src/stm32f1xx_hal_cortex.o
 .comment       0x0000000000000053       0x54 ./Drivers/STM32F1xx_HAL_Driver/Src/stm32f1xx_hal_gpio.o
 .comment       0x0000000000000053       0x54 ./Drivers/STM32F1xx_HAL_Driver/Src/stm32f1xx_hal_rcc.o
 .comment       0x0000000000000053       0x54 ./Drivers/STM32F1xx_HAL_Driver/Src/stm32f1xx_hal_tim.o
 .comment       0x0000000000000053       0x54 ./Drivers/STM32F1xx_HAL_Driver/Src/stm32f1xx_hal_tim_ex.o

.debug_frame    0x0000000000000000     0x2930
 .debug_frame   0x0000000000000000      0x190 ./Core/Src/button_n_display.o
 .debug_frame   0x0000000000000190       0xbc ./Core/Src/fsm.o
 .debug_frame   0x000000000000024c       0xd4 ./Core/Src/main.o
 .debug_frame   0x0000000000000320       0x80 ./Core/Src/stm32f1xx_hal_msp.o
 .debug_frame   0x00000000000003a0      0x120 ./Core/Src/stm32f1xx_it.o
 .debug_frame   0x00000000000004c0       0x58 ./Core/Src/system_stm32f1xx.o
 .debug_frame   0x0000000000000518       0xf8 ./Core/Src/timer.o
 .debug_frame   0x0000000000000610      0x334 ./Drivers/STM32F1xx_HAL_Driver/Src/stm32f1xx_hal.o
 .debug_frame   0x0000000000000944      0x428 ./Drivers/STM32F1xx_HAL_Driver/Src/stm32f1xx_hal_cortex.o
 .debug_frame   0x0000000000000d6c      0x14c ./Drivers/STM32F1xx_HAL_Driver/Src/stm32f1xx_hal_gpio.o
 .debug_frame   0x0000000000000eb8      0x218 ./Drivers/STM32F1xx_HAL_Driver/Src/stm32f1xx_hal_rcc.o
 .debug_frame   0x00000000000010d0     0x11b4 ./Drivers/STM32F1xx_HAL_Driver/Src/stm32f1xx_hal_tim.o
 .debug_frame   0x0000000000002284      0x638 ./Drivers/STM32F1xx_HAL_Driver/Src/stm32f1xx_hal_tim_ex.o
 .debug_frame   0x00000000000028bc       0x2c c:/st/stm32cubeide_1.7.0/stm32cubeide/plugins/com.st.stm32cube.ide.mcu.externaltools.gnu-tools-for-stm32.9-2020-q2-update.win32_2.0.0.202105311346/tools/bin/../lib/gcc/arm-none-eabi/9.3.1/../../../../arm-none-eabi/lib/thumb/v7-m/nofp\libc_nano.a(lib_a-init.o)
 .debug_frame   0x00000000000028e8       0x28 c:/st/stm32cubeide_1.7.0/stm32cubeide/plugins/com.st.stm32cube.ide.mcu.externaltools.gnu-tools-for-stm32.9-2020-q2-update.win32_2.0.0.202105311346/tools/bin/../lib/gcc/arm-none-eabi/9.3.1/../../../../arm-none-eabi/lib/thumb/v7-m/nofp\libc_nano.a(lib_a-memcpy-stub.o)
 .debug_frame   0x0000000000002910       0x20 c:/st/stm32cubeide_1.7.0/stm32cubeide/plugins/com.st.stm32cube.ide.mcu.externaltools.gnu-tools-for-stm32.9-2020-q2-update.win32_2.0.0.202105311346/tools/bin/../lib/gcc/arm-none-eabi/9.3.1/../../../../arm-none-eabi/lib/thumb/v7-m/nofp\libc_nano.a(lib_a-memset.o)
